------------------------------------------------------------
TimeQuest Timing Analyzer Summary
------------------------------------------------------------

Type  : Slow 1200mV 85C Model Setup 'MvBck'
Slack : -4.370
TNS   : -309.840

Type  : Slow 1200mV 85C Model Setup 'clk'
Slack : -3.306
TNS   : -57.564

Type  : Slow 1200mV 85C Model Hold 'clk'
Slack : 0.382
TNS   : 0.000

Type  : Slow 1200mV 85C Model Hold 'MvBck'
Slack : 0.545
TNS   : 0.000

Type  : Slow 1200mV 85C Model Minimum Pulse Width 'clk'
Slack : -3.000
TNS   : -41.000

Type  : Slow 1200mV 85C Model Minimum Pulse Width 'MvBck'
Slack : 0.431
TNS   : 0.000

Type  : Slow 1200mV 0C Model Setup 'MvBck'
Slack : -3.788
TNS   : -271.914

Type  : Slow 1200mV 0C Model Setup 'clk'
Slack : -2.855
TNS   : -47.478

Type  : Slow 1200mV 0C Model Hold 'clk'
Slack : 0.347
TNS   : 0.000

Type  : Slow 1200mV 0C Model Hold 'MvBck'
Slack : 0.499
TNS   : 0.000

Type  : Slow 1200mV 0C Model Minimum Pulse Width 'clk'
Slack : -3.000
TNS   : -41.000

Type  : Slow 1200mV 0C Model Minimum Pulse Width 'MvBck'
Slack : 0.443
TNS   : 0.000

Type  : Fast 1200mV 0C Model Setup 'MvBck'
Slack : -2.042
TNS   : -138.727

Type  : Fast 1200mV 0C Model Setup 'clk'
Slack : -1.731
TNS   : -20.201

Type  : Fast 1200mV 0C Model Hold 'clk'
Slack : 0.199
TNS   : 0.000

Type  : Fast 1200mV 0C Model Hold 'MvBck'
Slack : 0.282
TNS   : 0.000

Type  : Fast 1200mV 0C Model Minimum Pulse Width 'clk'
Slack : -3.000
TNS   : -43.246

Type  : Fast 1200mV 0C Model Minimum Pulse Width 'MvBck'
Slack : 0.367
TNS   : 0.000

------------------------------------------------------------
