Analysis & Synthesis report for QuadratureEncoderTop
Thu Feb 04 14:33:51 2016
Quartus II 64-Bit Version 13.0.1 Build 232 06/12/2013 Service Pack 1 SJ Web Edition


---------------------
; Table of Contents ;
---------------------
  1. Legal Notice
  2. Analysis & Synthesis Summary
  3. Analysis & Synthesis Settings
  4. Parallel Compilation
  5. Analysis & Synthesis Source Files Read
  6. Analysis & Synthesis Resource Usage Summary
  7. Analysis & Synthesis Resource Utilization by Entity
  8. User-Specified and Inferred Latches
  9. General Register Statistics
 10. Multiplexer Restructuring Statistics (Restructuring Performed)
 11. Parameter Settings for User Entity Instance: Top-level Entity: |QuadratureEncoderTop
 12. Parameter Settings for User Entity Instance: UpDownCounter:QuadPulseCounter
 13. Elapsed Time Per Partition
 14. Analysis & Synthesis Messages



----------------
; Legal Notice ;
----------------
Copyright (C) 1991-2013 Altera Corporation
Your use of Altera Corporation's design tools, logic functions 
and other software and tools, and its AMPP partner logic 
functions, and any output files from any of the foregoing 
(including device programming or simulation files), and any 
associated documentation or information are expressly subject 
to the terms and conditions of the Altera Program License 
Subscription Agreement, Altera MegaCore Function License 
Agreement, or other applicable license agreement, including, 
without limitation, that your use is for the sole purpose of 
programming logic devices manufactured by Altera and sold by 
Altera or its authorized distributors.  Please refer to the 
applicable agreement for further details.



+--------------------------------------------------------------------------------------+
; Analysis & Synthesis Summary                                                         ;
+------------------------------------+-------------------------------------------------+
; Analysis & Synthesis Status        ; Successful - Thu Feb 04 14:33:51 2016           ;
; Quartus II 64-Bit Version          ; 13.0.1 Build 232 06/12/2013 SP 1 SJ Web Edition ;
; Revision Name                      ; QuadratureEncoderTop                            ;
; Top-level Entity Name              ; QuadratureEncoderTop                            ;
; Family                             ; Cyclone III                                     ;
; Total logic elements               ; 363                                             ;
;     Total combinational functions  ; 355                                             ;
;     Dedicated logic registers      ; 38                                              ;
; Total registers                    ; 38                                              ;
; Total pins                         ; 32                                              ;
; Total virtual pins                 ; 0                                               ;
; Total memory bits                  ; 0                                               ;
; Embedded Multiplier 9-bit elements ; 0                                               ;
; Total PLLs                         ; 0                                               ;
+------------------------------------+-------------------------------------------------+


+--------------------------------------------------------------------------------------------------------------------------+
; Analysis & Synthesis Settings                                                                                            ;
+----------------------------------------------------------------------------+----------------------+----------------------+
; Option                                                                     ; Setting              ; Default Value        ;
+----------------------------------------------------------------------------+----------------------+----------------------+
; Device                                                                     ; EP3C16F484C6         ;                      ;
; Top-level entity name                                                      ; QuadratureEncoderTop ; QuadratureEncoderTop ;
; Family name                                                                ; Cyclone III          ; Cyclone IV GX        ;
; Type of Retiming Performed During Resynthesis                              ; Full                 ;                      ;
; Resynthesis Optimization Effort                                            ; Normal               ;                      ;
; Physical Synthesis Level for Resynthesis                                   ; Normal               ;                      ;
; Use Generated Physical Constraints File                                    ; On                   ;                      ;
; Use smart compilation                                                      ; Off                  ; Off                  ;
; Enable parallel Assembler and TimeQuest Timing Analyzer during compilation ; On                   ; On                   ;
; Enable compact report table                                                ; Off                  ; Off                  ;
; Restructure Multiplexers                                                   ; Auto                 ; Auto                 ;
; Create Debugging Nodes for IP Cores                                        ; Off                  ; Off                  ;
; Preserve fewer node names                                                  ; On                   ; On                   ;
; Disable OpenCore Plus hardware evaluation                                  ; Off                  ; Off                  ;
; Verilog Version                                                            ; Verilog_2001         ; Verilog_2001         ;
; VHDL Version                                                               ; VHDL_1993            ; VHDL_1993            ;
; State Machine Processing                                                   ; Auto                 ; Auto                 ;
; Safe State Machine                                                         ; Off                  ; Off                  ;
; Extract Verilog State Machines                                             ; On                   ; On                   ;
; Extract VHDL State Machines                                                ; On                   ; On                   ;
; Ignore Verilog initial constructs                                          ; Off                  ; Off                  ;
; Iteration limit for constant Verilog loops                                 ; 5000                 ; 5000                 ;
; Iteration limit for non-constant Verilog loops                             ; 250                  ; 250                  ;
; Add Pass-Through Logic to Inferred RAMs                                    ; On                   ; On                   ;
; Infer RAMs from Raw Logic                                                  ; On                   ; On                   ;
; Parallel Synthesis                                                         ; On                   ; On                   ;
; DSP Block Balancing                                                        ; Auto                 ; Auto                 ;
; NOT Gate Push-Back                                                         ; On                   ; On                   ;
; Power-Up Don't Care                                                        ; On                   ; On                   ;
; Remove Redundant Logic Cells                                               ; Off                  ; Off                  ;
; Remove Duplicate Registers                                                 ; On                   ; On                   ;
; Ignore CARRY Buffers                                                       ; Off                  ; Off                  ;
; Ignore CASCADE Buffers                                                     ; Off                  ; Off                  ;
; Ignore GLOBAL Buffers                                                      ; Off                  ; Off                  ;
; Ignore ROW GLOBAL Buffers                                                  ; Off                  ; Off                  ;
; Ignore LCELL Buffers                                                       ; Off                  ; Off                  ;
; Ignore SOFT Buffers                                                        ; On                   ; On                   ;
; Limit AHDL Integers to 32 Bits                                             ; Off                  ; Off                  ;
; Optimization Technique                                                     ; Balanced             ; Balanced             ;
; Carry Chain Length                                                         ; 70                   ; 70                   ;
; Auto Carry Chains                                                          ; On                   ; On                   ;
; Auto Open-Drain Pins                                                       ; On                   ; On                   ;
; Perform WYSIWYG Primitive Resynthesis                                      ; Off                  ; Off                  ;
; Auto ROM Replacement                                                       ; On                   ; On                   ;
; Auto RAM Replacement                                                       ; On                   ; On                   ;
; Auto DSP Block Replacement                                                 ; On                   ; On                   ;
; Auto Shift Register Replacement                                            ; Auto                 ; Auto                 ;
; Allow Shift Register Merging across Hierarchies                            ; Auto                 ; Auto                 ;
; Auto Clock Enable Replacement                                              ; On                   ; On                   ;
; Strict RAM Replacement                                                     ; Off                  ; Off                  ;
; Allow Synchronous Control Signals                                          ; On                   ; On                   ;
; Force Use of Synchronous Clear Signals                                     ; Off                  ; Off                  ;
; Auto RAM Block Balancing                                                   ; On                   ; On                   ;
; Auto RAM to Logic Cell Conversion                                          ; Off                  ; Off                  ;
; Auto Resource Sharing                                                      ; Off                  ; Off                  ;
; Allow Any RAM Size For Recognition                                         ; Off                  ; Off                  ;
; Allow Any ROM Size For Recognition                                         ; Off                  ; Off                  ;
; Allow Any Shift Register Size For Recognition                              ; Off                  ; Off                  ;
; Use LogicLock Constraints during Resource Balancing                        ; On                   ; On                   ;
; Ignore translate_off and synthesis_off directives                          ; Off                  ; Off                  ;
; Timing-Driven Synthesis                                                    ; On                   ; On                   ;
; Report Parameter Settings                                                  ; On                   ; On                   ;
; Report Source Assignments                                                  ; On                   ; On                   ;
; Report Connectivity Checks                                                 ; On                   ; On                   ;
; Ignore Maximum Fan-Out Assignments                                         ; Off                  ; Off                  ;
; Synchronization Register Chain Length                                      ; 2                    ; 2                    ;
; PowerPlay Power Optimization                                               ; Normal compilation   ; Normal compilation   ;
; HDL message level                                                          ; Level2               ; Level2               ;
; Suppress Register Optimization Related Messages                            ; Off                  ; Off                  ;
; Number of Removed Registers Reported in Synthesis Report                   ; 5000                 ; 5000                 ;
; Number of Swept Nodes Reported in Synthesis Report                         ; 5000                 ; 5000                 ;
; Number of Inverted Registers Reported in Synthesis Report                  ; 100                  ; 100                  ;
; Clock MUX Protection                                                       ; On                   ; On                   ;
; Auto Gated Clock Conversion                                                ; Off                  ; Off                  ;
; Block Design Naming                                                        ; Auto                 ; Auto                 ;
; SDC constraint protection                                                  ; Off                  ; Off                  ;
; Synthesis Effort                                                           ; Auto                 ; Auto                 ;
; Shift Register Replacement - Allow Asynchronous Clear Signal               ; On                   ; On                   ;
; Pre-Mapping Resynthesis Optimization                                       ; Off                  ; Off                  ;
; Analysis & Synthesis Message Level                                         ; Medium               ; Medium               ;
; Disable Register Merging Across Hierarchies                                ; Auto                 ; Auto                 ;
; Resource Aware Inference For Block RAM                                     ; On                   ; On                   ;
; Synthesis Seed                                                             ; 1                    ; 1                    ;
+----------------------------------------------------------------------------+----------------------+----------------------+


Parallel compilation was disabled, but you have multiple processors available. Enable parallel compilation to reduce compilation time.
+-------------------------------------+
; Parallel Compilation                ;
+----------------------------+--------+
; Processors                 ; Number ;
+----------------------------+--------+
; Number detected on machine ; 4      ;
; Maximum allowed            ; 1      ;
+----------------------------+--------+


+------------------------------------------------------------------------------------------------------------------------------------------------------------------------------------------------------------+
; Analysis & Synthesis Source Files Read                                                                                                                                                                     ;
+----------------------------------+-----------------+------------------------+--------------------------------------------------------------------------------------------------------------------+---------+
; File Name with User-Entered Path ; Used in Netlist ; File Type              ; File Name with Absolute Path                                                                                       ; Library ;
+----------------------------------+-----------------+------------------------+--------------------------------------------------------------------------------------------------------------------+---------+
; UpDownCounter.v                  ; yes             ; User Verilog HDL File  ; C:/Users/Cody/Documents/Kansas State Classes/ECE731-Advanced-Microcomputer-Design/Labs/Lab1/UpDownCounter.v        ;         ;
; EncoderDecoder.v                 ; yes             ; User Verilog HDL File  ; C:/Users/Cody/Documents/Kansas State Classes/ECE731-Advanced-Microcomputer-Design/Labs/Lab1/EncoderDecoder.v       ;         ;
; EncoderDigitalFilter.v           ; yes             ; User Verilog HDL File  ; C:/Users/Cody/Documents/Kansas State Classes/ECE731-Advanced-Microcomputer-Design/Labs/Lab1/EncoderDigitalFilter.v ;         ;
; QuadratureEncoderTop.v           ; yes             ; User Verilog HDL File  ; C:/Users/Cody/Documents/Kansas State Classes/ECE731-Advanced-Microcomputer-Design/Labs/Lab1/QuadratureEncoderTop.v ;         ;
+----------------------------------+-----------------+------------------------+--------------------------------------------------------------------------------------------------------------------+---------+


+-----------------------------------------------------+
; Analysis & Synthesis Resource Usage Summary         ;
+---------------------------------------------+-------+
; Resource                                    ; Usage ;
+---------------------------------------------+-------+
; Estimated Total logic elements              ; 363   ;
;                                             ;       ;
; Total combinational functions               ; 355   ;
; Logic element usage by number of LUT inputs ;       ;
;     -- 4 input functions                    ; 143   ;
;     -- 3 input functions                    ; 134   ;
;     -- <=2 input functions                  ; 78    ;
;                                             ;       ;
; Logic elements by mode                      ;       ;
;     -- normal mode                          ; 260   ;
;     -- arithmetic mode                      ; 95    ;
;                                             ;       ;
; Total registers                             ; 38    ;
;     -- Dedicated logic registers            ; 38    ;
;     -- I/O registers                        ; 0     ;
;                                             ;       ;
; I/O pins                                    ; 32    ;
; Embedded Multiplier 9-bit elements          ; 0     ;
; Maximum fan-out node                        ; MvFwd ;
; Maximum fan-out                             ; 110   ;
; Total fan-out                               ; 1316  ;
; Average fan-out                             ; 2.88  ;
+---------------------------------------------+-------+


+-----------------------------------------------------------------------------------------------------------------------------------------------------------------------------------------------------------------------------+
; Analysis & Synthesis Resource Utilization by Entity                                                                                                                                                                         ;
+----------------------------------------+-------------------+--------------+-------------+--------------+---------+-----------+------+--------------+---------------------------------------------------------+--------------+
; Compilation Hierarchy Node             ; LC Combinationals ; LC Registers ; Memory Bits ; DSP Elements ; DSP 9x9 ; DSP 18x18 ; Pins ; Virtual Pins ; Full Hierarchy Name                                     ; Library Name ;
+----------------------------------------+-------------------+--------------+-------------+--------------+---------+-----------+------+--------------+---------------------------------------------------------+--------------+
; |QuadratureEncoderTop                  ; 355 (324)         ; 38 (2)       ; 0           ; 0            ; 0       ; 0         ; 32   ; 0            ; |QuadratureEncoderTop                                   ; work         ;
;    |EncoderDecoder:QuadratureEncoder|  ; 2 (2)             ; 2 (2)        ; 0           ; 0            ; 0       ; 0         ; 0    ; 0            ; |QuadratureEncoderTop|EncoderDecoder:QuadratureEncoder  ; work         ;
;    |EncoderDigitalFilter:InputAFilter| ; 1 (1)             ; 4 (4)        ; 0           ; 0            ; 0       ; 0         ; 0    ; 0            ; |QuadratureEncoderTop|EncoderDigitalFilter:InputAFilter ; work         ;
;    |EncoderDigitalFilter:InputBFilter| ; 1 (1)             ; 4 (4)        ; 0           ; 0            ; 0       ; 0         ; 0    ; 0            ; |QuadratureEncoderTop|EncoderDigitalFilter:InputBFilter ; work         ;
;    |UpDownCounter:QuadPulseCounter|    ; 27 (27)           ; 26 (26)      ; 0           ; 0            ; 0       ; 0         ; 0    ; 0            ; |QuadratureEncoderTop|UpDownCounter:QuadPulseCounter    ; work         ;
+----------------------------------------+-------------------+--------------+-------------+--------------+---------+-----------+------+--------------+---------------------------------------------------------+--------------+
Note: For table entries with two numbers listed, the numbers in parentheses indicate the number of resources of the given type used by the specific entity alone. The numbers listed outside of parentheses indicate the total resources of the given type used by the specific entity and all of its sub-entities in the hierarchy.


+-----------------------------------------------------------------------------------------------------+
; User-Specified and Inferred Latches                                                                 ;
+------------------------------------------------------+---------------------+------------------------+
; Latch Name                                           ; Latch Enable Signal ; Free of Timing Hazards ;
+------------------------------------------------------+---------------------+------------------------+
; Fwd[12]                                              ; Trvl                ; yes                    ;
; Fwd[13]                                              ; Trvl                ; yes                    ;
; Fwd[14]                                              ; Trvl                ; yes                    ;
; Fwd[15]                                              ; Trvl                ; yes                    ;
; Fwd[16]                                              ; Trvl                ; yes                    ;
; Fwd[17]                                              ; Trvl                ; yes                    ;
; Fwd[18]                                              ; Trvl                ; yes                    ;
; Fwd[19]                                              ; Trvl                ; yes                    ;
; Fwd[20]                                              ; Trvl                ; yes                    ;
; Fwd[21]                                              ; Trvl                ; yes                    ;
; Fwd[22]                                              ; Trvl                ; yes                    ;
; Fwd[23]                                              ; Trvl                ; yes                    ;
; Fwd[24]                                              ; Trvl                ; yes                    ;
; Fwd[25]                                              ; Trvl                ; yes                    ;
; Fwd[26]                                              ; Trvl                ; yes                    ;
; Fwd[27]                                              ; Trvl                ; yes                    ;
; Fwd[28]                                              ; Trvl                ; yes                    ;
; Fwd[29]                                              ; Trvl                ; yes                    ;
; Fwd[30]                                              ; Trvl                ; yes                    ;
; Fwd[31]                                              ; Trvl                ; yes                    ;
; Fwd[32]                                              ; Trvl                ; yes                    ;
; Fwd[33]                                              ; Trvl                ; yes                    ;
; Fwd[34]                                              ; Trvl                ; yes                    ;
; Fwd[35]                                              ; Trvl                ; yes                    ;
; Fwd[36]                                              ; Trvl                ; yes                    ;
; Fwd[37]                                              ; Trvl                ; yes                    ;
; Bck[12]                                              ; Trvl                ; yes                    ;
; Bck[13]                                              ; Trvl                ; yes                    ;
; Bck[14]                                              ; Trvl                ; yes                    ;
; Bck[15]                                              ; Trvl                ; yes                    ;
; Bck[16]                                              ; Trvl                ; yes                    ;
; Bck[17]                                              ; Trvl                ; yes                    ;
; Bck[18]                                              ; Trvl                ; yes                    ;
; Bck[19]                                              ; Trvl                ; yes                    ;
; Bck[20]                                              ; Trvl                ; yes                    ;
; Bck[21]                                              ; Trvl                ; yes                    ;
; Bck[22]                                              ; Trvl                ; yes                    ;
; Bck[23]                                              ; Trvl                ; yes                    ;
; Bck[24]                                              ; Trvl                ; yes                    ;
; Bck[25]                                              ; Trvl                ; yes                    ;
; Bck[26]                                              ; Trvl                ; yes                    ;
; Bck[27]                                              ; Trvl                ; yes                    ;
; Bck[28]                                              ; Trvl                ; yes                    ;
; Bck[29]                                              ; Trvl                ; yes                    ;
; Bck[30]                                              ; Trvl                ; yes                    ;
; Bck[31]                                              ; Trvl                ; yes                    ;
; Bck[32]                                              ; Trvl                ; yes                    ;
; Bck[33]                                              ; Trvl                ; yes                    ;
; Bck[34]                                              ; Trvl                ; yes                    ;
; Bck[35]                                              ; Trvl                ; yes                    ;
; Bck[36]                                              ; Trvl                ; yes                    ;
; Bck[37]                                              ; Trvl                ; yes                    ;
; Fwd[11]                                              ; Trvl                ; yes                    ;
; Fwd[10]                                              ; Trvl                ; yes                    ;
; Fwd[9]                                               ; Trvl                ; yes                    ;
; Fwd[8]                                               ; Trvl                ; yes                    ;
; Fwd[7]                                               ; Trvl                ; yes                    ;
; Fwd[6]                                               ; Trvl                ; yes                    ;
; Fwd[5]                                               ; Trvl                ; yes                    ;
; Fwd[4]                                               ; Trvl                ; yes                    ;
; Fwd[3]                                               ; Trvl                ; yes                    ;
; Fwd[2]                                               ; Trvl                ; yes                    ;
; MP[12]                                               ; Trvl                ; yes                    ;
; MP[13]                                               ; Trvl                ; yes                    ;
; MP[14]                                               ; Trvl                ; yes                    ;
; MP[15]                                               ; Trvl                ; yes                    ;
; MP[16]                                               ; Trvl                ; yes                    ;
; MP[17]                                               ; Trvl                ; yes                    ;
; MP[18]                                               ; Trvl                ; yes                    ;
; MP[19]                                               ; Trvl                ; yes                    ;
; MP[20]                                               ; Trvl                ; yes                    ;
; MP[21]                                               ; Trvl                ; yes                    ;
; MP[22]                                               ; Trvl                ; yes                    ;
; MP[23]                                               ; Trvl                ; yes                    ;
; MP[24]                                               ; Trvl                ; yes                    ;
; MP[25]                                               ; Trvl                ; yes                    ;
; MP[26]                                               ; Trvl                ; yes                    ;
; MP[27]                                               ; Trvl                ; yes                    ;
; MP[28]                                               ; Trvl                ; yes                    ;
; MP[29]                                               ; Trvl                ; yes                    ;
; MP[30]                                               ; Trvl                ; yes                    ;
; MP[31]                                               ; Trvl                ; yes                    ;
; MP[32]                                               ; Trvl                ; yes                    ;
; MP[33]                                               ; Trvl                ; yes                    ;
; MP[34]                                               ; Trvl                ; yes                    ;
; MP[35]                                               ; Trvl                ; yes                    ;
; MP[36]                                               ; Trvl                ; yes                    ;
; MP[37]                                               ; Trvl                ; yes                    ;
; Bck[11]                                              ; Trvl                ; yes                    ;
; Bck[10]                                              ; Trvl                ; yes                    ;
; Bck[9]                                               ; Trvl                ; yes                    ;
; Bck[8]                                               ; Trvl                ; yes                    ;
; Bck[7]                                               ; Trvl                ; yes                    ;
; Bck[6]                                               ; Trvl                ; yes                    ;
; Bck[5]                                               ; Trvl                ; yes                    ;
; Bck[4]                                               ; Trvl                ; yes                    ;
; Bck[3]                                               ; Trvl                ; yes                    ;
; Bck[2]                                               ; Trvl                ; yes                    ;
; MP[11]                                               ; Trvl                ; yes                    ;
; MP[10]                                               ; Trvl                ; yes                    ;
; Number of user-specified and inferred latches = 108  ;                     ;                        ;
+------------------------------------------------------+---------------------+------------------------+
Table restricted to first 100 entries. Note: All latches listed above may not be present at the end of synthesis due to various synthesis optimizations.


+------------------------------------------------------+
; General Register Statistics                          ;
+----------------------------------------------+-------+
; Statistic                                    ; Value ;
+----------------------------------------------+-------+
; Total registers                              ; 38    ;
; Number of registers using Synchronous Clear  ; 26    ;
; Number of registers using Synchronous Load   ; 0     ;
; Number of registers using Asynchronous Clear ; 0     ;
; Number of registers using Asynchronous Load  ; 0     ;
; Number of registers using Clock Enable       ; 26    ;
; Number of registers using Preset             ; 0     ;
+----------------------------------------------+-------+


+-----------------------------------------------------------------------------------------------------------------------------------------------------------------------------+
; Multiplexer Restructuring Statistics (Restructuring Performed)                                                                                                              ;
+--------------------+-----------+---------------+----------------------+------------------------+------------+---------------------------------------------------------------+
; Multiplexer Inputs ; Bus Width ; Baseline Area ; Area if Restructured ; Saving if Restructured ; Registered ; Example Multiplexer Output                                    ;
+--------------------+-----------+---------------+----------------------+------------------------+------------+---------------------------------------------------------------+
; 3:1                ; 26 bits   ; 52 LEs        ; 26 LEs               ; 26 LEs                 ; Yes        ; |QuadratureEncoderTop|UpDownCounter:QuadPulseCounter|count[0] ;
+--------------------+-----------+---------------+----------------------+------------------------+------------+---------------------------------------------------------------+


+--------------------------------------------------------------------------------------+
; Parameter Settings for User Entity Instance: Top-level Entity: |QuadratureEncoderTop ;
+----------------+-------+-------------------------------------------------------------+
; Parameter Name ; Value ; Type                                                        ;
+----------------+-------+-------------------------------------------------------------+
; N              ; 38    ; Signed Integer                                              ;
; encCountBits   ; 26    ; Signed Integer                                              ;
; precBits       ; 12    ; Signed Integer                                              ;
; stp            ; 21516 ; Signed Integer                                              ;
+----------------+-------+-------------------------------------------------------------+
Note: In order to hide this table in the UI and the text report file, please set the "Show Parameter Settings in Synthesis Report" option in "Analysis and Synthesis Settings -> More Settings" to "Off".


+-----------------------------------------------------------------------------+
; Parameter Settings for User Entity Instance: UpDownCounter:QuadPulseCounter ;
+----------------+-------+----------------------------------------------------+
; Parameter Name ; Value ; Type                                               ;
+----------------+-------+----------------------------------------------------+
; WIDTH          ; 26    ; Signed Integer                                     ;
+----------------+-------+----------------------------------------------------+
Note: In order to hide this table in the UI and the text report file, please set the "Show Parameter Settings in Synthesis Report" option in "Analysis and Synthesis Settings -> More Settings" to "Off".


+-------------------------------+
; Elapsed Time Per Partition    ;
+----------------+--------------+
; Partition Name ; Elapsed Time ;
+----------------+--------------+
; Top            ; 00:00:00     ;
+----------------+--------------+


+-------------------------------+
; Analysis & Synthesis Messages ;
+-------------------------------+
Info: *******************************************************************
Info: Running Quartus II 64-Bit Analysis & Synthesis
    Info: Version 13.0.1 Build 232 06/12/2013 Service Pack 1 SJ Web Edition
    Info: Processing started: Thu Feb 04 14:33:48 2016
Info: Command: quartus_map --read_settings_files=on --write_settings_files=off QuadratureEncoderTop -c QuadratureEncoderTop
Warning (20028): Parallel compilation is not licensed and has been disabled
Info (12021): Found 1 design units, including 1 entities, in source file updowncounter.v
    Info (12023): Found entity 1: UpDownCounter
Info (12021): Found 1 design units, including 1 entities, in source file encoderdecoder.v
    Info (12023): Found entity 1: EncoderDecoder
Info (12021): Found 1 design units, including 1 entities, in source file encoderdigitalfilter.v
    Info (12023): Found entity 1: EncoderDigitalFilter
Info (12021): Found 1 design units, including 1 entities, in source file quadratureencodertop.v
    Info (12023): Found entity 1: QuadratureEncoderTop
Info (12127): Elaborating entity "QuadratureEncoderTop" for the top level hierarchy
Info (10041): Inferred latch for "Bck[2]" at QuadratureEncoderTop.v(29)
Info (10041): Inferred latch for "Bck[3]" at QuadratureEncoderTop.v(29)
Info (10041): Inferred latch for "Bck[4]" at QuadratureEncoderTop.v(29)
Info (10041): Inferred latch for "Bck[5]" at QuadratureEncoderTop.v(29)
Info (10041): Inferred latch for "Bck[6]" at QuadratureEncoderTop.v(29)
Info (10041): Inferred latch for "Bck[7]" at QuadratureEncoderTop.v(29)
Info (10041): Inferred latch for "Bck[8]" at QuadratureEncoderTop.v(29)
Info (10041): Inferred latch for "Bck[9]" at QuadratureEncoderTop.v(29)
Info (10041): Inferred latch for "Bck[10]" at QuadratureEncoderTop.v(29)
Info (10041): Inferred latch for "Bck[11]" at QuadratureEncoderTop.v(29)
Info (10041): Inferred latch for "Bck[12]" at QuadratureEncoderTop.v(29)
Info (10041): Inferred latch for "Bck[13]" at QuadratureEncoderTop.v(29)
Info (10041): Inferred latch for "Bck[14]" at QuadratureEncoderTop.v(29)
Info (10041): Inferred latch for "Bck[15]" at QuadratureEncoderTop.v(29)
Info (10041): Inferred latch for "Bck[16]" at QuadratureEncoderTop.v(29)
Info (10041): Inferred latch for "Bck[17]" at QuadratureEncoderTop.v(29)
Info (10041): Inferred latch for "Bck[18]" at QuadratureEncoderTop.v(29)
Info (10041): Inferred latch for "Bck[19]" at QuadratureEncoderTop.v(29)
Info (10041): Inferred latch for "Bck[20]" at QuadratureEncoderTop.v(29)
Info (10041): Inferred latch for "Bck[21]" at QuadratureEncoderTop.v(29)
Info (10041): Inferred latch for "Bck[22]" at QuadratureEncoderTop.v(29)
Info (10041): Inferred latch for "Bck[23]" at QuadratureEncoderTop.v(29)
Info (10041): Inferred latch for "Bck[24]" at QuadratureEncoderTop.v(29)
Info (10041): Inferred latch for "Bck[25]" at QuadratureEncoderTop.v(29)
Info (10041): Inferred latch for "Bck[26]" at QuadratureEncoderTop.v(29)
Info (10041): Inferred latch for "Bck[27]" at QuadratureEncoderTop.v(29)
Info (10041): Inferred latch for "Bck[28]" at QuadratureEncoderTop.v(29)
Info (10041): Inferred latch for "Bck[29]" at QuadratureEncoderTop.v(29)
Info (10041): Inferred latch for "Bck[30]" at QuadratureEncoderTop.v(29)
Info (10041): Inferred latch for "Bck[31]" at QuadratureEncoderTop.v(29)
Info (10041): Inferred latch for "Bck[32]" at QuadratureEncoderTop.v(29)
Info (10041): Inferred latch for "Bck[33]" at QuadratureEncoderTop.v(29)
Info (10041): Inferred latch for "Bck[34]" at QuadratureEncoderTop.v(29)
Info (10041): Inferred latch for "Bck[35]" at QuadratureEncoderTop.v(29)
Info (10041): Inferred latch for "Bck[36]" at QuadratureEncoderTop.v(29)
Info (10041): Inferred latch for "Bck[37]" at QuadratureEncoderTop.v(29)
Info (10041): Inferred latch for "MP[2]" at QuadratureEncoderTop.v(28)
Info (10041): Inferred latch for "MP[3]" at QuadratureEncoderTop.v(28)
Info (10041): Inferred latch for "MP[4]" at QuadratureEncoderTop.v(28)
Info (10041): Inferred latch for "MP[5]" at QuadratureEncoderTop.v(28)
Info (10041): Inferred latch for "MP[6]" at QuadratureEncoderTop.v(28)
Info (10041): Inferred latch for "MP[7]" at QuadratureEncoderTop.v(28)
Info (10041): Inferred latch for "MP[8]" at QuadratureEncoderTop.v(28)
Info (10041): Inferred latch for "MP[9]" at QuadratureEncoderTop.v(28)
Info (10041): Inferred latch for "MP[10]" at QuadratureEncoderTop.v(28)
Info (10041): Inferred latch for "MP[11]" at QuadratureEncoderTop.v(28)
Info (10041): Inferred latch for "MP[12]" at QuadratureEncoderTop.v(28)
Info (10041): Inferred latch for "MP[13]" at QuadratureEncoderTop.v(28)
Info (10041): Inferred latch for "MP[14]" at QuadratureEncoderTop.v(28)
Info (10041): Inferred latch for "MP[15]" at QuadratureEncoderTop.v(28)
Info (10041): Inferred latch for "MP[16]" at QuadratureEncoderTop.v(28)
Info (10041): Inferred latch for "MP[17]" at QuadratureEncoderTop.v(28)
Info (10041): Inferred latch for "MP[18]" at QuadratureEncoderTop.v(28)
Info (10041): Inferred latch for "MP[19]" at QuadratureEncoderTop.v(28)
Info (10041): Inferred latch for "MP[20]" at QuadratureEncoderTop.v(28)
Info (10041): Inferred latch for "MP[21]" at QuadratureEncoderTop.v(28)
Info (10041): Inferred latch for "MP[22]" at QuadratureEncoderTop.v(28)
Info (10041): Inferred latch for "MP[23]" at QuadratureEncoderTop.v(28)
Info (10041): Inferred latch for "MP[24]" at QuadratureEncoderTop.v(28)
Info (10041): Inferred latch for "MP[25]" at QuadratureEncoderTop.v(28)
Info (10041): Inferred latch for "MP[26]" at QuadratureEncoderTop.v(28)
Info (10041): Inferred latch for "MP[27]" at QuadratureEncoderTop.v(28)
Info (10041): Inferred latch for "MP[28]" at QuadratureEncoderTop.v(28)
Info (10041): Inferred latch for "MP[29]" at QuadratureEncoderTop.v(28)
Info (10041): Inferred latch for "MP[30]" at QuadratureEncoderTop.v(28)
Info (10041): Inferred latch for "MP[31]" at QuadratureEncoderTop.v(28)
Info (10041): Inferred latch for "MP[32]" at QuadratureEncoderTop.v(28)
Info (10041): Inferred latch for "MP[33]" at QuadratureEncoderTop.v(28)
Info (10041): Inferred latch for "MP[34]" at QuadratureEncoderTop.v(28)
Info (10041): Inferred latch for "MP[35]" at QuadratureEncoderTop.v(28)
Info (10041): Inferred latch for "MP[36]" at QuadratureEncoderTop.v(28)
Info (10041): Inferred latch for "MP[37]" at QuadratureEncoderTop.v(28)
Info (10041): Inferred latch for "Fwd[2]" at QuadratureEncoderTop.v(27)
Info (10041): Inferred latch for "Fwd[3]" at QuadratureEncoderTop.v(27)
Info (10041): Inferred latch for "Fwd[4]" at QuadratureEncoderTop.v(27)
Info (10041): Inferred latch for "Fwd[5]" at QuadratureEncoderTop.v(27)
Info (10041): Inferred latch for "Fwd[6]" at QuadratureEncoderTop.v(27)
Info (10041): Inferred latch for "Fwd[7]" at QuadratureEncoderTop.v(27)
Info (10041): Inferred latch for "Fwd[8]" at QuadratureEncoderTop.v(27)
Info (10041): Inferred latch for "Fwd[9]" at QuadratureEncoderTop.v(27)
Info (10041): Inferred latch for "Fwd[10]" at QuadratureEncoderTop.v(27)
Info (10041): Inferred latch for "Fwd[11]" at QuadratureEncoderTop.v(27)
Info (10041): Inferred latch for "Fwd[12]" at QuadratureEncoderTop.v(27)
Info (10041): Inferred latch for "Fwd[13]" at QuadratureEncoderTop.v(27)
Info (10041): Inferred latch for "Fwd[14]" at QuadratureEncoderTop.v(27)
Info (10041): Inferred latch for "Fwd[15]" at QuadratureEncoderTop.v(27)
Info (10041): Inferred latch for "Fwd[16]" at QuadratureEncoderTop.v(27)
Info (10041): Inferred latch for "Fwd[17]" at QuadratureEncoderTop.v(27)
Info (10041): Inferred latch for "Fwd[18]" at QuadratureEncoderTop.v(27)
Info (10041): Inferred latch for "Fwd[19]" at QuadratureEncoderTop.v(27)
Info (10041): Inferred latch for "Fwd[20]" at QuadratureEncoderTop.v(27)
Info (10041): Inferred latch for "Fwd[21]" at QuadratureEncoderTop.v(27)
Info (10041): Inferred latch for "Fwd[22]" at QuadratureEncoderTop.v(27)
Info (10041): Inferred latch for "Fwd[23]" at QuadratureEncoderTop.v(27)
Info (10041): Inferred latch for "Fwd[24]" at QuadratureEncoderTop.v(27)
Info (10041): Inferred latch for "Fwd[25]" at QuadratureEncoderTop.v(27)
Info (10041): Inferred latch for "Fwd[26]" at QuadratureEncoderTop.v(27)
Info (10041): Inferred latch for "Fwd[27]" at QuadratureEncoderTop.v(27)
Info (10041): Inferred latch for "Fwd[28]" at QuadratureEncoderTop.v(27)
Info (10041): Inferred latch for "Fwd[29]" at QuadratureEncoderTop.v(27)
Info (10041): Inferred latch for "Fwd[30]" at QuadratureEncoderTop.v(27)
Info (10041): Inferred latch for "Fwd[31]" at QuadratureEncoderTop.v(27)
Info (10041): Inferred latch for "Fwd[32]" at QuadratureEncoderTop.v(27)
Info (10041): Inferred latch for "Fwd[33]" at QuadratureEncoderTop.v(27)
Info (10041): Inferred latch for "Fwd[34]" at QuadratureEncoderTop.v(27)
Info (10041): Inferred latch for "Fwd[35]" at QuadratureEncoderTop.v(27)
Info (10041): Inferred latch for "Fwd[36]" at QuadratureEncoderTop.v(27)
Info (10041): Inferred latch for "Fwd[37]" at QuadratureEncoderTop.v(27)
Info (12128): Elaborating entity "EncoderDigitalFilter" for hierarchy "EncoderDigitalFilter:InputAFilter"
Info (12128): Elaborating entity "EncoderDecoder" for hierarchy "EncoderDecoder:QuadratureEncoder"
Info (12128): Elaborating entity "UpDownCounter" for hierarchy "UpDownCounter:QuadPulseCounter"
Warning (13012): Latch Fwd[12] has unsafe behavior
    Warning (13013): Ports D and ENA on the latch are fed by the same signal MvFwd
Warning (13012): Latch Fwd[13] has unsafe behavior
    Warning (13013): Ports D and ENA on the latch are fed by the same signal MvFwd
Warning (13012): Latch Fwd[14] has unsafe behavior
    Warning (13013): Ports D and ENA on the latch are fed by the same signal MvFwd
Warning (13012): Latch Fwd[15] has unsafe behavior
    Warning (13013): Ports D and ENA on the latch are fed by the same signal MvFwd
Warning (13012): Latch Fwd[16] has unsafe behavior
    Warning (13013): Ports D and ENA on the latch are fed by the same signal MvFwd
Warning (13012): Latch Fwd[17] has unsafe behavior
    Warning (13013): Ports D and ENA on the latch are fed by the same signal MvFwd
Warning (13012): Latch Fwd[18] has unsafe behavior
    Warning (13013): Ports D and ENA on the latch are fed by the same signal MvFwd
Warning (13012): Latch Fwd[19] has unsafe behavior
    Warning (13013): Ports D and ENA on the latch are fed by the same signal MvFwd
Warning (13012): Latch Fwd[20] has unsafe behavior
    Warning (13013): Ports D and ENA on the latch are fed by the same signal MvFwd
Warning (13012): Latch Fwd[21] has unsafe behavior
    Warning (13013): Ports D and ENA on the latch are fed by the same signal MvFwd
Warning (13012): Latch Fwd[22] has unsafe behavior
    Warning (13013): Ports D and ENA on the latch are fed by the same signal MvFwd
Warning (13012): Latch Fwd[23] has unsafe behavior
    Warning (13013): Ports D and ENA on the latch are fed by the same signal MvFwd
Warning (13012): Latch Fwd[24] has unsafe behavior
    Warning (13013): Ports D and ENA on the latch are fed by the same signal MvFwd
Warning (13012): Latch Fwd[25] has unsafe behavior
    Warning (13013): Ports D and ENA on the latch are fed by the same signal MvFwd
Warning (13012): Latch Fwd[26] has unsafe behavior
    Warning (13013): Ports D and ENA on the latch are fed by the same signal MvFwd
Warning (13012): Latch Fwd[27] has unsafe behavior
    Warning (13013): Ports D and ENA on the latch are fed by the same signal MvFwd
Warning (13012): Latch Fwd[28] has unsafe behavior
    Warning (13013): Ports D and ENA on the latch are fed by the same signal MvFwd
Warning (13012): Latch Fwd[29] has unsafe behavior
    Warning (13013): Ports D and ENA on the latch are fed by the same signal MvFwd
Warning (13012): Latch Fwd[30] has unsafe behavior
    Warning (13013): Ports D and ENA on the latch are fed by the same signal MvFwd
Warning (13012): Latch Fwd[31] has unsafe behavior
    Warning (13013): Ports D and ENA on the latch are fed by the same signal MvFwd
Warning (13012): Latch Fwd[32] has unsafe behavior
    Warning (13013): Ports D and ENA on the latch are fed by the same signal MvFwd
Warning (13012): Latch Fwd[33] has unsafe behavior
    Warning (13013): Ports D and ENA on the latch are fed by the same signal MvFwd
Warning (13012): Latch Fwd[34] has unsafe behavior
    Warning (13013): Ports D and ENA on the latch are fed by the same signal MvFwd
Warning (13012): Latch Fwd[35] has unsafe behavior
    Warning (13013): Ports D and ENA on the latch are fed by the same signal MvFwd
Warning (13012): Latch Fwd[36] has unsafe behavior
    Warning (13013): Ports D and ENA on the latch are fed by the same signal MvFwd
Warning (13012): Latch Fwd[37] has unsafe behavior
    Warning (13013): Ports D and ENA on the latch are fed by the same signal MvFwd
Warning (13012): Latch Bck[12] has unsafe behavior
    Warning (13013): Ports D and ENA on the latch are fed by the same signal MvFwd
Warning (13012): Latch Bck[13] has unsafe behavior
    Warning (13013): Ports D and ENA on the latch are fed by the same signal MvFwd
Warning (13012): Latch Bck[14] has unsafe behavior
    Warning (13013): Ports D and ENA on the latch are fed by the same signal MvFwd
Warning (13012): Latch Bck[15] has unsafe behavior
    Warning (13013): Ports D and ENA on the latch are fed by the same signal MvFwd
Warning (13012): Latch Bck[16] has unsafe behavior
    Warning (13013): Ports D and ENA on the latch are fed by the same signal MvFwd
Warning (13012): Latch Bck[17] has unsafe behavior
    Warning (13013): Ports D and ENA on the latch are fed by the same signal MvFwd
Warning (13012): Latch Bck[18] has unsafe behavior
    Warning (13013): Ports D and ENA on the latch are fed by the same signal MvFwd
Warning (13012): Latch Bck[19] has unsafe behavior
    Warning (13013): Ports D and ENA on the latch are fed by the same signal MvFwd
Warning (13012): Latch Bck[20] has unsafe behavior
    Warning (13013): Ports D and ENA on the latch are fed by the same signal MvFwd
Warning (13012): Latch Bck[21] has unsafe behavior
    Warning (13013): Ports D and ENA on the latch are fed by the same signal MvFwd
Warning (13012): Latch Bck[22] has unsafe behavior
    Warning (13013): Ports D and ENA on the latch are fed by the same signal MvFwd
Warning (13012): Latch Bck[23] has unsafe behavior
    Warning (13013): Ports D and ENA on the latch are fed by the same signal MvFwd
Warning (13012): Latch Bck[24] has unsafe behavior
    Warning (13013): Ports D and ENA on the latch are fed by the same signal MvFwd
Warning (13012): Latch Bck[25] has unsafe behavior
    Warning (13013): Ports D and ENA on the latch are fed by the same signal MvFwd
Warning (13012): Latch Bck[26] has unsafe behavior
    Warning (13013): Ports D and ENA on the latch are fed by the same signal MvFwd
Warning (13012): Latch Bck[27] has unsafe behavior
    Warning (13013): Ports D and ENA on the latch are fed by the same signal MvFwd
Warning (13012): Latch Bck[28] has unsafe behavior
    Warning (13013): Ports D and ENA on the latch are fed by the same signal MvFwd
Warning (13012): Latch Bck[29] has unsafe behavior
    Warning (13013): Ports D and ENA on the latch are fed by the same signal MvFwd
Warning (13012): Latch Bck[30] has unsafe behavior
    Warning (13013): Ports D and ENA on the latch are fed by the same signal MvFwd
Warning (13012): Latch Bck[31] has unsafe behavior
    Warning (13013): Ports D and ENA on the latch are fed by the same signal MvFwd
Warning (13012): Latch Bck[32] has unsafe behavior
    Warning (13013): Ports D and ENA on the latch are fed by the same signal MvFwd
Warning (13012): Latch Bck[33] has unsafe behavior
    Warning (13013): Ports D and ENA on the latch are fed by the same signal MvFwd
Warning (13012): Latch Bck[34] has unsafe behavior
    Warning (13013): Ports D and ENA on the latch are fed by the same signal MvFwd
Warning (13012): Latch Bck[35] has unsafe behavior
    Warning (13013): Ports D and ENA on the latch are fed by the same signal MvFwd
Warning (13012): Latch Bck[36] has unsafe behavior
    Warning (13013): Ports D and ENA on the latch are fed by the same signal MvFwd
Warning (13012): Latch Bck[37] has unsafe behavior
    Warning (13013): Ports D and ENA on the latch are fed by the same signal MvFwd
Warning (13012): Latch Fwd[11] has unsafe behavior
    Warning (13013): Ports D and ENA on the latch are fed by the same signal MvFwd
Warning (13012): Latch Fwd[10] has unsafe behavior
    Warning (13013): Ports D and ENA on the latch are fed by the same signal MvFwd
Warning (13012): Latch Fwd[9] has unsafe behavior
    Warning (13013): Ports D and ENA on the latch are fed by the same signal MvFwd
Warning (13012): Latch Fwd[8] has unsafe behavior
    Warning (13013): Ports D and ENA on the latch are fed by the same signal MvFwd
Warning (13012): Latch Fwd[7] has unsafe behavior
    Warning (13013): Ports D and ENA on the latch are fed by the same signal MvFwd
Warning (13012): Latch Fwd[6] has unsafe behavior
    Warning (13013): Ports D and ENA on the latch are fed by the same signal MvFwd
Warning (13012): Latch Fwd[5] has unsafe behavior
    Warning (13013): Ports D and ENA on the latch are fed by the same signal MvFwd
Warning (13012): Latch Fwd[4] has unsafe behavior
    Warning (13013): Ports D and ENA on the latch are fed by the same signal MvFwd
Warning (13012): Latch Fwd[3] has unsafe behavior
    Warning (13013): Ports D and ENA on the latch are fed by the same signal MvFwd
Warning (13012): Latch Fwd[2] has unsafe behavior
    Warning (13013): Ports D and ENA on the latch are fed by the same signal MvFwd
Warning (13012): Latch MP[12] has unsafe behavior
    Warning (13013): Ports D and ENA on the latch are fed by the same signal MvFwd
Warning (13012): Latch MP[13] has unsafe behavior
    Warning (13013): Ports D and ENA on the latch are fed by the same signal MvFwd
Warning (13012): Latch MP[14] has unsafe behavior
    Warning (13013): Ports D and ENA on the latch are fed by the same signal MvFwd
Warning (13012): Latch MP[15] has unsafe behavior
    Warning (13013): Ports D and ENA on the latch are fed by the same signal MvFwd
Warning (13012): Latch MP[16] has unsafe behavior
    Warning (13013): Ports D and ENA on the latch are fed by the same signal MvFwd
Warning (13012): Latch MP[17] has unsafe behavior
    Warning (13013): Ports D and ENA on the latch are fed by the same signal MvFwd
Warning (13012): Latch MP[18] has unsafe behavior
    Warning (13013): Ports D and ENA on the latch are fed by the same signal MvFwd
Warning (13012): Latch MP[19] has unsafe behavior
    Warning (13013): Ports D and ENA on the latch are fed by the same signal MvFwd
Warning (13012): Latch MP[20] has unsafe behavior
    Warning (13013): Ports D and ENA on the latch are fed by the same signal MvFwd
Warning (13012): Latch MP[21] has unsafe behavior
    Warning (13013): Ports D and ENA on the latch are fed by the same signal MvFwd
Warning (13012): Latch MP[22] has unsafe behavior
    Warning (13013): Ports D and ENA on the latch are fed by the same signal MvFwd
Warning (13012): Latch MP[23] has unsafe behavior
    Warning (13013): Ports D and ENA on the latch are fed by the same signal MvFwd
Warning (13012): Latch MP[24] has unsafe behavior
    Warning (13013): Ports D and ENA on the latch are fed by the same signal MvFwd
Warning (13012): Latch MP[25] has unsafe behavior
    Warning (13013): Ports D and ENA on the latch are fed by the same signal MvFwd
Warning (13012): Latch MP[26] has unsafe behavior
    Warning (13013): Ports D and ENA on the latch are fed by the same signal MvFwd
Warning (13012): Latch MP[27] has unsafe behavior
    Warning (13013): Ports D and ENA on the latch are fed by the same signal MvFwd
Warning (13012): Latch MP[28] has unsafe behavior
    Warning (13013): Ports D and ENA on the latch are fed by the same signal MvFwd
Warning (13012): Latch MP[29] has unsafe behavior
    Warning (13013): Ports D and ENA on the latch are fed by the same signal MvFwd
Warning (13012): Latch MP[30] has unsafe behavior
    Warning (13013): Ports D and ENA on the latch are fed by the same signal MvFwd
Warning (13012): Latch MP[31] has unsafe behavior
    Warning (13013): Ports D and ENA on the latch are fed by the same signal MvFwd
Warning (13012): Latch MP[32] has unsafe behavior
    Warning (13013): Ports D and ENA on the latch are fed by the same signal MvFwd
Warning (13012): Latch MP[33] has unsafe behavior
    Warning (13013): Ports D and ENA on the latch are fed by the same signal MvFwd
Warning (13012): Latch MP[34] has unsafe behavior
    Warning (13013): Ports D and ENA on the latch are fed by the same signal MvFwd
Warning (13012): Latch MP[35] has unsafe behavior
    Warning (13013): Ports D and ENA on the latch are fed by the same signal MvFwd
Warning (13012): Latch MP[36] has unsafe behavior
    Warning (13013): Ports D and ENA on the latch are fed by the same signal MvFwd
Warning (13012): Latch MP[37] has unsafe behavior
    Warning (13013): Ports D and ENA on the latch are fed by the same signal MvFwd
Warning (13012): Latch Bck[11] has unsafe behavior
    Warning (13013): Ports D and ENA on the latch are fed by the same signal MvFwd
Warning (13012): Latch Bck[10] has unsafe behavior
    Warning (13013): Ports D and ENA on the latch are fed by the same signal MvFwd
Warning (13012): Latch Bck[9] has unsafe behavior
    Warning (13013): Ports D and ENA on the latch are fed by the same signal MvFwd
Warning (13012): Latch Bck[8] has unsafe behavior
    Warning (13013): Ports D and ENA on the latch are fed by the same signal MvFwd
Warning (13012): Latch Bck[7] has unsafe behavior
    Warning (13013): Ports D and ENA on the latch are fed by the same signal MvFwd
Warning (13012): Latch Bck[6] has unsafe behavior
    Warning (13013): Ports D and ENA on the latch are fed by the same signal MvFwd
Warning (13012): Latch Bck[5] has unsafe behavior
    Warning (13013): Ports D and ENA on the latch are fed by the same signal MvFwd
Warning (13012): Latch Bck[4] has unsafe behavior
    Warning (13013): Ports D and ENA on the latch are fed by the same signal MvFwd
Warning (13012): Latch Bck[3] has unsafe behavior
    Warning (13013): Ports D and ENA on the latch are fed by the same signal MvFwd
Warning (13012): Latch Bck[2] has unsafe behavior
    Warning (13013): Ports D and ENA on the latch are fed by the same signal MvFwd
Warning (13012): Latch MP[11] has unsafe behavior
    Warning (13013): Ports D and ENA on the latch are fed by the same signal MvFwd
Warning (13012): Latch MP[10] has unsafe behavior
    Warning (13013): Ports D and ENA on the latch are fed by the same signal MvFwd
Warning (13012): Latch MP[9] has unsafe behavior
    Warning (13013): Ports D and ENA on the latch are fed by the same signal MvFwd
Warning (13012): Latch MP[8] has unsafe behavior
    Warning (13013): Ports D and ENA on the latch are fed by the same signal MvFwd
Warning (13012): Latch MP[7] has unsafe behavior
    Warning (13013): Ports D and ENA on the latch are fed by the same signal MvFwd
Warning (13012): Latch MP[6] has unsafe behavior
    Warning (13013): Ports D and ENA on the latch are fed by the same signal MvFwd
Warning (13012): Latch MP[5] has unsafe behavior
    Warning (13013): Ports D and ENA on the latch are fed by the same signal MvFwd
Warning (13012): Latch MP[4] has unsafe behavior
    Warning (13013): Ports D and ENA on the latch are fed by the same signal MvFwd
Warning (13012): Latch MP[3] has unsafe behavior
    Warning (13013): Ports D and ENA on the latch are fed by the same signal MvFwd
Warning (13012): Latch MP[2] has unsafe behavior
    Warning (13013): Ports D and ENA on the latch are fed by the same signal MvFwd
Info (286030): Timing-Driven Synthesis is running
Info (16010): Generating hard_block partition "hard_block:auto_generated_inst"
    Info (16011): Adding 0 node(s), including 0 DDIO, 0 PLL, 0 transceiver and 0 LCELL
Info (21057): Implemented 396 device resources after synthesis - the final resource count might be different
    Info (21058): Implemented 4 input pins
    Info (21059): Implemented 28 output pins
    Info (21061): Implemented 364 logic cells
Info: Quartus II 64-Bit Analysis & Synthesis was successful. 0 errors, 217 warnings
    Info: Peak virtual memory: 472 megabytes
    Info: Processing ended: Thu Feb 04 14:33:51 2016
    Info: Elapsed time: 00:00:03
    Info: Total CPU time (on all processors): 00:00:03


